This is pdfTeX, Version 3.141592653-2.6-1.40.25 (MiKTeX 24.1) (preloaded format=pdflatex 2025.5.12)  19 JUN 2025 23:53
entering extended mode
 restricted \write18 enabled.
 %&-line parsing enabled.
**./Tesis.tex
(Tesis.tex
LaTeX2e <2023-11-01> patch level 1
L3 programming layer <2024-01-04>
(C:\Users\elfhe\AppData\Local\Programs\MiKTeX\tex/latex/base\book.cls
Document Class: book 2023/05/17 v1.4n Standard LaTeX document class
(C:\Users\elfhe\AppData\Local\Programs\MiKTeX\tex/latex/base\bk12.clo
File: bk12.clo 2023/05/17 v1.4n Standard LaTeX file (size option)
)
\c@part=\count187
\c@chapter=\count188
\c@section=\count189
\c@subsection=\count190
\c@subsubsection=\count191
\c@paragraph=\count192
\c@subparagraph=\count193
\c@figure=\count194
\c@table=\count195
\abovecaptionskip=\skip48
\belowcaptionskip=\skip49
\bibindent=\dimen140
)
(C:\Users\elfhe\AppData\Local\Programs\MiKTeX\tex/latex/geometry\geometry.sty
Package: geometry 2020/01/02 v5.9 Page Geometry

(C:\Users\elfhe\AppData\Local\Programs\MiKTeX\tex/latex/graphics\keyval.sty
Package: keyval 2022/05/29 v1.15 key=value parser (DPC)
\KV@toks@=\toks17
)
(C:\Users\elfhe\AppData\Local\Programs\MiKTeX\tex/generic/iftex\ifvtex.sty
Package: ifvtex 2019/10/25 v1.7 ifvtex legacy package. Use iftex instead.

(C:\Users\elfhe\AppData\Local\Programs\MiKTeX\tex/generic/iftex\iftex.sty
Package: iftex 2022/02/03 v1.0f TeX engine tests
))
\Gm@cnth=\count196
\Gm@cntv=\count197
\c@Gm@tempcnt=\count198
\Gm@bindingoffset=\dimen141
\Gm@wd@mp=\dimen142
\Gm@odd@mp=\dimen143
\Gm@even@mp=\dimen144
\Gm@layoutwidth=\dimen145
\Gm@layoutheight=\dimen146
\Gm@layouthoffset=\dimen147
\Gm@layoutvoffset=\dimen148
\Gm@dimlist=\toks18

(C:\Users\elfhe\AppData\Local\Programs\MiKTeX\tex/latex/geometry\geometry.cfg))
(C:\Users\elfhe\AppData\Local\Programs\MiKTeX\tex/generic/babel\babel.sty
Package: babel 2024/01/07 v24.1 The Babel package
\babel@savecnt=\count199
\U@D=\dimen149
\l@unhyphenated=\language79

(C:\Users\elfhe\AppData\Local\Programs\MiKTeX\tex/generic/babel\txtbabel.def)
\bbl@readstream=\read2
\bbl@dirlevel=\count266

*************************************
* Local config file bblopts.cfg used
*
(C:\Users\elfhe\AppData\Local\Programs\MiKTeX\tex/latex/arabi\bblopts.cfg
File: bblopts.cfg 2005/09/08 v0.1 add Arabic and Farsi to "declared" options of
 babel
)
(C:\Users\elfhe\AppData\Local\Programs\MiKTeX\tex/latex/babel-spanish\spanish.l
df
Language: spanish.ldf 2021/05/27 v5.0q Spanish support from the babel system
\es@quottoks=\toks19
\es@quotdepth=\count267
Package babel Info: Making " an active character on input line 570.
))
(C:\Users\elfhe\AppData\Local\Programs\MiKTeX\tex/generic/babel/locale/es\babel
-spanish.tex
Package babel Info: Importing font and identification data for spanish
(babel)             from babel-es.ini. Reported on input line 11.
)
(C:\Users\elfhe\AppData\Local\Programs\MiKTeX\tex/latex/base\inputenc.sty
Package: inputenc 2021/02/14 v1.3d Input encoding file
\inpenc@prehook=\toks20
\inpenc@posthook=\toks21

(C:\Users\elfhe\AppData\Local\Programs\MiKTeX\tex/latex/base\latin1.def
File: latin1.def 2021/02/14 v1.3d Input encoding file
))
(C:\Users\elfhe\AppData\Local\Programs\MiKTeX\tex/latex/tools\enumerate.sty
Package: enumerate 2023/07/04 v3.00 enumerate extensions (DPC)
\@enLab=\toks22
)
(C:\Users\elfhe\AppData\Local\Programs\MiKTeX\tex/latex/graphics\graphicx.sty
Package: graphicx 2021/09/16 v1.2d Enhanced LaTeX Graphics (DPC,SPQR)

(C:\Users\elfhe\AppData\Local\Programs\MiKTeX\tex/latex/graphics\graphics.sty
Package: graphics 2022/03/10 v1.4e Standard LaTeX Graphics (DPC,SPQR)

(C:\Users\elfhe\AppData\Local\Programs\MiKTeX\tex/latex/graphics\trig.sty
Package: trig 2021/08/11 v1.11 sin cos tan (DPC)
)
(C:\Users\elfhe\AppData\Local\Programs\MiKTeX\tex/latex/graphics-cfg\graphics.c
fg
File: graphics.cfg 2016/06/04 v1.11 sample graphics configuration
)
Package graphics Info: Driver file: pdftex.def on input line 107.

(C:\Users\elfhe\AppData\Local\Programs\MiKTeX\tex/latex/graphics-def\pdftex.def
File: pdftex.def 2022/09/22 v1.2b Graphics/color driver for pdftex
))
\Gin@req@height=\dimen150
\Gin@req@width=\dimen151
)
(C:\Users\elfhe\AppData\Local\Programs\MiKTeX\tex/latex/amsfonts\amsfonts.sty
Package: amsfonts 2013/01/14 v3.01 Basic AMSFonts support
\@emptytoks=\toks23
\symAMSa=\mathgroup4
\symAMSb=\mathgroup5
LaTeX Font Info:    Redeclaring math symbol \hbar on input line 98.
LaTeX Font Info:    Overwriting math alphabet `\mathfrak' in version `bold'
(Font)                  U/euf/m/n --> U/euf/b/n on input line 106.
)
(C:\Users\elfhe\AppData\Local\Programs\MiKTeX\tex/latex/hyperref\hyperref.sty
Package: hyperref 2023-11-26 v7.01g Hypertext links for LaTeX

(C:\Users\elfhe\AppData\Local\Programs\MiKTeX\tex/generic/infwarerr\infwarerr.s
ty
Package: infwarerr 2019/12/03 v1.5 Providing info/warning/error messages (HO)
)
(C:\Users\elfhe\AppData\Local\Programs\MiKTeX\tex/latex/kvsetkeys\kvsetkeys.sty
Package: kvsetkeys 2022-10-05 v1.19 Key value parser (HO)
)
(C:\Users\elfhe\AppData\Local\Programs\MiKTeX\tex/generic/kvdefinekeys\kvdefine
keys.sty
Package: kvdefinekeys 2019-12-19 v1.6 Define keys (HO)
)
(C:\Users\elfhe\AppData\Local\Programs\MiKTeX\tex/generic/pdfescape\pdfescape.s
ty
Package: pdfescape 2019/12/09 v1.15 Implements pdfTeX's escape features (HO)

(C:\Users\elfhe\AppData\Local\Programs\MiKTeX\tex/generic/ltxcmds\ltxcmds.sty
Package: ltxcmds 2023-12-04 v1.26 LaTeX kernel commands for general use (HO)
)
(C:\Users\elfhe\AppData\Local\Programs\MiKTeX\tex/generic/pdftexcmds\pdftexcmds
.sty
Package: pdftexcmds 2020-06-27 v0.33 Utility functions of pdfTeX for LuaTeX (HO
)
Package pdftexcmds Info: \pdf@primitive is available.
Package pdftexcmds Info: \pdf@ifprimitive is available.
Package pdftexcmds Info: \pdfdraftmode found.
))
(C:\Users\elfhe\AppData\Local\Programs\MiKTeX\tex/latex/hycolor\hycolor.sty
Package: hycolor 2020-01-27 v1.10 Color options for hyperref/bookmark (HO)
)
(C:\Users\elfhe\AppData\Local\Programs\MiKTeX\tex/latex/letltxmacro\letltxmacro
.sty
Package: letltxmacro 2019/12/03 v1.6 Let assignment for LaTeX macros (HO)
)
(C:\Users\elfhe\AppData\Local\Programs\MiKTeX\tex/latex/auxhook\auxhook.sty
Package: auxhook 2019-12-17 v1.6 Hooks for auxiliary files (HO)
)
(C:\Users\elfhe\AppData\Local\Programs\MiKTeX\tex/latex/hyperref\nameref.sty
Package: nameref 2023-11-26 v2.56 Cross-referencing by name of section

(C:\Users\elfhe\AppData\Local\Programs\MiKTeX\tex/latex/refcount\refcount.sty
Package: refcount 2019/12/15 v3.6 Data extraction from label references (HO)
)
(C:\Users\elfhe\AppData\Local\Programs\MiKTeX\tex/generic/gettitlestring\gettit
lestring.sty
Package: gettitlestring 2019/12/15 v1.6 Cleanup title references (HO)

(C:\Users\elfhe\AppData\Local\Programs\MiKTeX\tex/latex/kvoptions\kvoptions.sty
Package: kvoptions 2022-06-15 v3.15 Key value format for package options (HO)
))
\c@section@level=\count268
)
(C:\Users\elfhe\AppData\Local\Programs\MiKTeX\tex/latex/etoolbox\etoolbox.sty
Package: etoolbox 2020/10/05 v2.5k e-TeX tools for LaTeX (JAW)
\etb@tempcnta=\count269
)
\@linkdim=\dimen152
\Hy@linkcounter=\count270
\Hy@pagecounter=\count271

(C:\Users\elfhe\AppData\Local\Programs\MiKTeX\tex/latex/hyperref\pd1enc.def
File: pd1enc.def 2023-11-26 v7.01g Hyperref: PDFDocEncoding definition (HO)
Now handling font encoding PD1 ...
... no UTF-8 mapping file for font encoding PD1
)
(C:\Users\elfhe\AppData\Local\Programs\MiKTeX\tex/generic/intcalc\intcalc.sty
Package: intcalc 2019/12/15 v1.3 Expandable calculations with integers (HO)
)
\Hy@SavedSpaceFactor=\count272

(C:\Users\elfhe\AppData\Local\Programs\MiKTeX\tex/latex/hyperref\puenc.def
File: puenc.def 2023-11-26 v7.01g Hyperref: PDF Unicode definition (HO)
Now handling font encoding PU ...
... no UTF-8 mapping file for font encoding PU
)
Package hyperref Info: Hyper figures OFF on input line 4181.
Package hyperref Info: Link nesting OFF on input line 4186.
Package hyperref Info: Hyper index ON on input line 4189.
Package hyperref Info: Plain pages OFF on input line 4196.
Package hyperref Info: Backreferencing OFF on input line 4201.
Package hyperref Info: Implicit mode ON; LaTeX internals redefined.
Package hyperref Info: Bookmarks ON on input line 4448.
\c@Hy@tempcnt=\count273

(C:\Users\elfhe\AppData\Local\Programs\MiKTeX\tex/latex/url\url.sty
\Urlmuskip=\muskip16
Package: url 2013/09/16  ver 3.4  Verb mode for urls, etc.
)
LaTeX Info: Redefining \url on input line 4786.
\XeTeXLinkMargin=\dimen153

(C:\Users\elfhe\AppData\Local\Programs\MiKTeX\tex/generic/bitset\bitset.sty
Package: bitset 2019/12/09 v1.3 Handle bit-vector datatype (HO)

(C:\Users\elfhe\AppData\Local\Programs\MiKTeX\tex/generic/bigintcalc\bigintcalc
.sty
Package: bigintcalc 2019/12/15 v1.5 Expandable calculations on big integers (HO
)
))
\Fld@menulength=\count274
\Field@Width=\dimen154
\Fld@charsize=\dimen155
Package hyperref Info: Hyper figures OFF on input line 6065.
Package hyperref Info: Link nesting OFF on input line 6070.
Package hyperref Info: Hyper index ON on input line 6073.
Package hyperref Info: backreferencing OFF on input line 6080.
Package hyperref Info: Link coloring OFF on input line 6085.
Package hyperref Info: Link coloring with OCG OFF on input line 6090.
Package hyperref Info: PDF/A mode OFF on input line 6095.

(C:\Users\elfhe\AppData\Local\Programs\MiKTeX\tex/latex/base\atbegshi-ltx.sty
Package: atbegshi-ltx 2021/01/10 v1.0c Emulation of the original atbegshi
package with kernel methods
)
\Hy@abspage=\count275
\c@Item=\count276
\c@Hfootnote=\count277
)
Package hyperref Info: Driver (autodetected): hpdftex.
(C:\Users\elfhe\AppData\Local\Programs\MiKTeX\tex/latex/hyperref\hpdftex.def
File: hpdftex.def 2023-11-26 v7.01g Hyperref driver for pdfTeX

(C:\Users\elfhe\AppData\Local\Programs\MiKTeX\tex/latex/base\atveryend-ltx.sty
Package: atveryend-ltx 2020/08/19 v1.0a Emulation of the original atveryend pac
kage
with kernel methods
)
\Fld@listcount=\count278
\c@bookmark@seq@number=\count279

(C:\Users\elfhe\AppData\Local\Programs\MiKTeX\tex/latex/rerunfilecheck\rerunfil
echeck.sty
Package: rerunfilecheck 2022-07-10 v1.10 Rerun checks for auxiliary files (HO)

(C:\Users\elfhe\AppData\Local\Programs\MiKTeX\tex/generic/uniquecounter\uniquec
ounter.sty
Package: uniquecounter 2019/12/15 v1.4 Provide unlimited unique counter (HO)
)
Package uniquecounter Info: New unique counter `rerunfilecheck' on input line 2
85.
)
\Hy@SectionHShift=\skip50
)
(C:\Users\elfhe\AppData\Local\Programs\MiKTeX\tex/latex/base\textcomp.sty
Package: textcomp 2020/02/02 v2.0n Standard LaTeX package
)
(C:\Users\elfhe\AppData\Local\Programs\MiKTeX\tex/latex/jknappen\mathrsfs.sty
Package: mathrsfs 1996/01/01 Math RSFS package v1.0 (jk)
\symrsfs=\mathgroup6
)
(C:\Users\elfhe\AppData\Local\Programs\MiKTeX\tex/latex/pdfpages\pdfpages.sty
Package: pdfpages 2025/03/12 v0.6f Insert pages of external PDF documents (AM)

(C:\Users\elfhe\AppData\Local\Programs\MiKTeX\tex/latex/base\ifthen.sty
Package: ifthen 2022/04/13 v1.1d Standard LaTeX ifthen package (DPC)
)
(C:\Users\elfhe\AppData\Local\Programs\MiKTeX\tex/latex/tools\calc.sty
Package: calc 2023/07/08 v4.3 Infix arithmetic (KKT,FJ)
\calc@Acount=\count280
\calc@Bcount=\count281
\calc@Adimen=\dimen156
\calc@Bdimen=\dimen157
\calc@Askip=\skip51
\calc@Bskip=\skip52
LaTeX Info: Redefining \setlength on input line 80.
LaTeX Info: Redefining \addtolength on input line 81.
\calc@Ccount=\count282
\calc@Cskip=\skip53
)
(C:\Users\elfhe\AppData\Local\Programs\MiKTeX\tex/latex/eso-pic\eso-pic.sty
Package: eso-pic 2023/05/03 v3.0c eso-pic (RN)
\ESO@tempdima=\dimen158
\ESO@tempdimb=\dimen159

(C:\Users\elfhe\AppData\Local\Programs\MiKTeX\tex/latex/xcolor\xcolor.sty
Package: xcolor 2023/11/15 v3.01 LaTeX color extensions (UK)

(C:\Users\elfhe\AppData\Local\Programs\MiKTeX\tex/latex/graphics-cfg\color.cfg
File: color.cfg 2016/01/02 v1.6 sample color configuration
)
Package xcolor Info: Driver file: pdftex.def on input line 274.
(C:\Users\elfhe\AppData\Local\Programs\MiKTeX\tex/latex/graphics\mathcolor.ltx)
Package xcolor Info: Model `cmy' substituted by `cmy0' on input line 1350.
Package xcolor Info: Model `hsb' substituted by `rgb' on input line 1354.
Package xcolor Info: Model `RGB' extended on input line 1366.
Package xcolor Info: Model `HTML' substituted by `rgb' on input line 1368.
Package xcolor Info: Model `Hsb' substituted by `hsb' on input line 1369.
Package xcolor Info: Model `tHsb' substituted by `hsb' on input line 1370.
Package xcolor Info: Model `HSB' substituted by `hsb' on input line 1371.
Package xcolor Info: Model `Gray' substituted by `gray' on input line 1372.
Package xcolor Info: Model `wave' substituted by `hsb' on input line 1373.
))
\AM@pagewidth=\dimen160
\AM@pageheight=\dimen161
\AM@fboxrule=\dimen162

(C:\Users\elfhe\AppData\Local\Programs\MiKTeX\tex/latex/pdfpages\pppdftex.def
File: pppdftex.def 2025/03/12 v0.6f Pdfpages driver for pdfTeX (AM)
)
\pdfpages@includegraphics@status=\count283
\AM@pagebox=\box51
\AM@global@opts=\toks24
\AM@pagecnt=\count284
\AM@toc@title=\toks25
\AM@lof@heading=\toks26
\c@AM@survey=\count285
\AM@templatesizebox=\box52
) (C:\Users\elfhe\AppData\Local\Programs\MiKTeX\tex/latex/setspace\setspace.sty
Package: setspace 2022/12/04 v6.7b set line spacing
) (C:\Users\elfhe\AppData\Local\Programs\MiKTeX\tex/latex/natbib\bibentry.sty
Package: bibentry 2007/10/30 1.5 (PWD)
)
(C:\Users\elfhe\AppData\Local\Programs\MiKTeX\tex/latex/natbib\natbib.sty
Package: natbib 2010/09/13 8.31b (PWD, AO)
\bibhang=\skip54
\bibsep=\skip55
LaTeX Info: Redefining \cite on input line 694.
\c@NAT@ctr=\count286
)
(C:\Users\elfhe\AppData\Local\Programs\MiKTeX\tex/latex/tools\longtable.sty
Package: longtable 2023-11-01 v4.19 Multi-page Table package (DPC)
\LTleft=\skip56
\LTright=\skip57
\LTpre=\skip58
\LTpost=\skip59
\LTchunksize=\count287
\LTcapwidth=\dimen163
\LT@head=\box53
\LT@firsthead=\box54
\LT@foot=\box55
\LT@lastfoot=\box56
\LT@gbox=\box57
\LT@cols=\count288
\LT@rows=\count289
\c@LT@tables=\count290
\c@LT@chunks=\count291
\LT@p@ftn=\toks27
)
(C:\Users\elfhe\AppData\Local\Programs\MiKTeX\tex/latex/amsmath\amsmath.sty
Package: amsmath 2023/05/13 v2.17o AMS math features
\@mathmargin=\skip60

For additional information on amsmath, use the `?' option.
(C:\Users\elfhe\AppData\Local\Programs\MiKTeX\tex/latex/amsmath\amstext.sty
Package: amstext 2021/08/26 v2.01 AMS text

(C:\Users\elfhe\AppData\Local\Programs\MiKTeX\tex/latex/amsmath\amsgen.sty
File: amsgen.sty 1999/11/30 v2.0 generic functions
\@emptytoks=\toks28
\ex@=\dimen164
))
(C:\Users\elfhe\AppData\Local\Programs\MiKTeX\tex/latex/amsmath\amsbsy.sty
Package: amsbsy 1999/11/29 v1.2d Bold Symbols
\pmbraise@=\dimen165
)
(C:\Users\elfhe\AppData\Local\Programs\MiKTeX\tex/latex/amsmath\amsopn.sty
Package: amsopn 2022/04/08 v2.04 operator names
)
\inf@bad=\count292
LaTeX Info: Redefining \frac on input line 234.
\uproot@=\count293
\leftroot@=\count294
LaTeX Info: Redefining \overline on input line 399.
LaTeX Info: Redefining \colon on input line 410.
\classnum@=\count295
\DOTSCASE@=\count296
LaTeX Info: Redefining \ldots on input line 496.
LaTeX Info: Redefining \dots on input line 499.
LaTeX Info: Redefining \cdots on input line 620.
\Mathstrutbox@=\box58
\strutbox@=\box59
LaTeX Info: Redefining \big on input line 722.
LaTeX Info: Redefining \Big on input line 723.
LaTeX Info: Redefining \bigg on input line 724.
LaTeX Info: Redefining \Bigg on input line 725.
\big@size=\dimen166
LaTeX Font Info:    Redeclaring font encoding OML on input line 743.
LaTeX Font Info:    Redeclaring font encoding OMS on input line 744.
\macc@depth=\count297
LaTeX Info: Redefining \bmod on input line 905.
LaTeX Info: Redefining \pmod on input line 910.
LaTeX Info: Redefining \smash on input line 940.
LaTeX Info: Redefining \relbar on input line 970.
LaTeX Info: Redefining \Relbar on input line 971.
\c@MaxMatrixCols=\count298
\dotsspace@=\muskip17
\c@parentequation=\count299
\dspbrk@lvl=\count300
\tag@help=\toks29
\row@=\count301
\column@=\count302
\maxfields@=\count303
\andhelp@=\toks30
\eqnshift@=\dimen167
\alignsep@=\dimen168
\tagshift@=\dimen169
\tagwidth@=\dimen170
\totwidth@=\dimen171
\lineht@=\dimen172
\@envbody=\toks31
\multlinegap=\skip61
\multlinetaggap=\skip62
\mathdisplay@stack=\toks32
LaTeX Info: Redefining \[ on input line 2953.
LaTeX Info: Redefining \] on input line 2954.
)
(C:\Users\elfhe\AppData\Local\Programs\MiKTeX\tex/latex/cleveref\cleveref.sty
Package: cleveref 2018/03/27 v0.21.4 Intelligent cross-referencing
Package cleveref Info: `hyperref' support loaded on input line 2370.
LaTeX Info: Redefining \cref on input line 2370.
LaTeX Info: Redefining \Cref on input line 2370.
LaTeX Info: Redefining \crefrange on input line 2370.
LaTeX Info: Redefining \Crefrange on input line 2370.
LaTeX Info: Redefining \cpageref on input line 2370.
LaTeX Info: Redefining \Cpageref on input line 2370.
LaTeX Info: Redefining \cpagerefrange on input line 2370.
LaTeX Info: Redefining \Cpagerefrange on input line 2370.
LaTeX Info: Redefining \labelcref on input line 2370.
LaTeX Info: Redefining \labelcpageref on input line 2370.
)
(C:\Users\elfhe\AppData\Local\Programs\MiKTeX\tex/latex/amsfonts\amssymb.sty
Package: amssymb 2013/01/14 v3.01 AMS font symbols
)
(C:\Users\elfhe\AppData\Local\Programs\MiKTeX\tex/latex/caption\subcaption.sty
Package: subcaption 2023/07/28 v1.6b Sub-captions (AR)

(C:\Users\elfhe\AppData\Local\Programs\MiKTeX\tex/latex/caption\caption.sty
Package: caption 2023/08/05 v3.6o Customizing captions (AR)

(C:\Users\elfhe\AppData\Local\Programs\MiKTeX\tex/latex/caption\caption3.sty
Package: caption3 2023/07/31 v2.4d caption3 kernel (AR)
\caption@tempdima=\dimen173
\captionmargin=\dimen174
\caption@leftmargin=\dimen175
\caption@rightmargin=\dimen176
\caption@width=\dimen177
\caption@indent=\dimen178
\caption@parindent=\dimen179
\caption@hangindent=\dimen180
Package caption Info: Standard document class detected.
)
\c@caption@flags=\count304
\c@continuedfloat=\count305
Package caption Info: hyperref package is loaded.
Package caption Info: longtable package is loaded.

(C:\Users\elfhe\AppData\Local\Programs\MiKTeX\tex/latex/caption\ltcaption.sty
Package: ltcaption 2021/01/08 v1.4c longtable captions (AR)
))
Package caption Info: New subtype `subfigure' on input line 238.
\c@subfigure=\count306
Package caption Info: New subtype `subtable' on input line 238.
\c@subtable=\count307
) (C:\Users\elfhe\AppData\Local\Programs\MiKTeX\tex/latex/multirow\multirow.sty
Package: multirow 2024/11/12 v2.9 Span multiple rows of a table
\multirow@colwidth=\skip63
\multirow@cntb=\count308
\multirow@dima=\skip64
\bigstrutjot=\dimen181
) (C:\Users\elfhe\AppData\Local\Programs\MiKTeX\tex/latex/enumitem\enumitem.sty
Package: enumitem 2025/02/06 v3.11 Customized lists
\labelindent=\skip65
\enit@outerparindent=\dimen182
\enit@toks=\toks33
\enit@inbox=\box60
\enit@count@id=\count309
\enitdp@description=\count310
) (C:\Users\elfhe\AppData\Local\Programs\MiKTeX\tex/latex/float\float.sty
Package: float 2001/11/08 v1.3d Float enhancements (AL)
\c@float@type=\count311
\float@exts=\toks34
\float@box=\box61
\@float@everytoks=\toks35
\@floatcapt=\box62
)
(C:\Users\elfhe\AppData\Local\Programs\MiKTeX\tex/latex/l3backend\l3backend-pdf
tex.def
File: l3backend-pdftex.def 2024-01-04 L3 backend support: PDF output (pdfTeX)
\l__color_backend_stack_int=\count312
\l__pdf_internal_box=\box63
) (Tesis.aux
LaTeX Info: Redefining \. on input line 8.
LaTeX Info: Redefining \% on input line 8.
)
\openout1 = `Tesis.aux'.

LaTeX Font Info:    Checking defaults for OML/cmm/m/it on input line 32.
LaTeX Font Info:    ... okay on input line 32.
LaTeX Font Info:    Checking defaults for OMS/cmsy/m/n on input line 32.
LaTeX Font Info:    ... okay on input line 32.
LaTeX Font Info:    Checking defaults for OT1/cmr/m/n on input line 32.
LaTeX Font Info:    ... okay on input line 32.
LaTeX Font Info:    Checking defaults for T1/cmr/m/n on input line 32.
LaTeX Font Info:    ... okay on input line 32.
LaTeX Font Info:    Checking defaults for TS1/cmr/m/n on input line 32.
LaTeX Font Info:    ... okay on input line 32.
LaTeX Font Info:    Checking defaults for OMX/cmex/m/n on input line 32.
LaTeX Font Info:    ... okay on input line 32.
LaTeX Font Info:    Checking defaults for U/cmr/m/n on input line 32.
LaTeX Font Info:    ... okay on input line 32.
LaTeX Font Info:    Checking defaults for PD1/pdf/m/n on input line 32.
LaTeX Font Info:    ... okay on input line 32.
LaTeX Font Info:    Checking defaults for PU/pdf/m/n on input line 32.
LaTeX Font Info:    ... okay on input line 32.

*geometry* driver: auto-detecting
*geometry* detected driver: pdftex
*geometry* verbose mode - [ preamble ] result:
* driver: pdftex
* paper: letterpaper
* layout: <same size as paper>
* layoutoffset:(h,v)=(0.0pt,0.0pt)
* modes: 
* h-part:(L,W,R)=(85.35826pt, 457.80486pt, 71.13188pt)
* v-part:(T,H,B)=(85.35826pt, 624.25346pt, 85.35826pt)
* \paperwidth=614.295pt
* \paperheight=794.96999pt
* \textwidth=457.80486pt
* \textheight=624.25346pt
* \oddsidemargin=13.08827pt
* \evensidemargin=13.08827pt
* \topmargin=-18.78552pt
* \headheight=12.0pt
* \headsep=19.8738pt
* \topskip=12.0pt
* \footskip=30.0pt
* \marginparwidth=47.0pt
* \marginparsep=7.0pt
* \columnsep=10.0pt
* \skip\footins=10.8pt plus 4.0pt minus 2.0pt
* \hoffset=0.0pt
* \voffset=0.0pt
* \mag=1000
* \@twocolumnfalse
* \@twosidefalse
* \@mparswitchfalse
* \@reversemarginfalse
* (1in=72.27pt=25.4mm, 1cm=28.453pt)

LaTeX Info: Redefining \. on input line 32.
LaTeX Info: Redefining \% on input line 32.

(C:\Users\elfhe\AppData\Local\Programs\MiKTeX\tex/context/base/mkii\supp-pdf.mk
ii
[Loading MPS to PDF converter (version 2006.09.02).]
\scratchcounter=\count313
\scratchdimen=\dimen183
\scratchbox=\box64
\nofMPsegments=\count314
\nofMParguments=\count315
\everyMPshowfont=\toks36
\MPscratchCnt=\count316
\MPscratchDim=\dimen184
\MPnumerator=\count317
\makeMPintoPDFobject=\count318
\everyMPtoPDFconversion=\toks37
)
(C:\Users\elfhe\AppData\Local\Programs\MiKTeX\tex/latex/epstopdf-pkg\epstopdf-b
ase.sty
Package: epstopdf-base 2020-01-24 v2.11 Base part for package epstopdf
Package epstopdf-base Info: Redefining graphics rule for `.eps' on input line 4
85.

(C:\Users\elfhe\AppData\Local\Programs\MiKTeX\tex/latex/00miktex\epstopdf-sys.c
fg
File: epstopdf-sys.cfg 2021/03/18 v2.0 Configuration of epstopdf for MiKTeX
))
Package hyperref Info: Link coloring OFF on input line 32.
 (Tesis.out) (Tesis.out)
\@outlinefile=\write3
\openout3 = `Tesis.out'.


(C:\Users\elfhe\AppData\Local\Programs\MiKTeX\tex/latex/pdflscape\pdflscape.sty
Package: pdflscape 2022-10-27 v0.13 Display of landscape pages in PDF

(C:\Users\elfhe\AppData\Local\Programs\MiKTeX\tex/latex/pdflscape\pdflscape-nom
etadata.sty
Package: pdflscape-nometadata 2022-10-28 v0.13 Display of landscape pages in PD
F (HO)

(C:\Users\elfhe\AppData\Local\Programs\MiKTeX\tex/latex/graphics\lscape.sty
Package: lscape 2020/05/28 v3.02 Landscape Pages (DPC)
)
Package pdflscape Info: Auto-detected driver: pdftex on input line 81.
))
Package caption Info: Begin \AtBeginDocument code.
Package caption Info: float package is loaded.
Package caption Info: End \AtBeginDocument code.


pdfTeX warning: pdflatex.exe (file ./PORTADA.pdf): PDF inclusion: found PDF ver
sion <1.7>, but at most version <1.5> allowed
<PORTADA.pdf, id=247, 614.41545pt x 795.09044pt>
File: PORTADA.pdf Graphic file (type pdf)
<use PORTADA.pdf>
Package pdftex.def Info: PORTADA.pdf  used on input line 41.
(pdftex.def)             Requested size: 614.41396pt x 795.08849pt.


pdfTeX warning: pdflatex.exe (file ./PORTADA.pdf): PDF inclusion: found PDF ver
sion <1.7>, but at most version <1.5> allowed


pdfTeX warning: pdflatex.exe (file ./PORTADA.pdf): PDF inclusion: found PDF ver
sion <1.7>, but at most version <1.5> allowed
<PORTADA.pdf, id=249, page=1, 614.41545pt x 795.09044pt>
File: PORTADA.pdf Graphic file (type pdf)
<use PORTADA.pdf, page 1>
Package pdftex.def Info: PORTADA.pdf , page1 used on input line 41.
(pdftex.def)             Requested size: 614.41396pt x 795.08849pt.
File: PORTADA.pdf Graphic file (type pdf)
<use PORTADA.pdf, page 1>
Package pdftex.def Info: PORTADA.pdf , page1 used on input line 41.
(pdftex.def)             Requested size: 614.38582pt x 795.05208pt.
File: PORTADA.pdf Graphic file (type pdf)
<use PORTADA.pdf, page 1>
Package pdftex.def Info: PORTADA.pdf , page1 used on input line 41.
(pdftex.def)             Requested size: 614.38582pt x 795.05208pt.
File: PORTADA.pdf Graphic file (type pdf)
<use PORTADA.pdf, page 1>
Package pdftex.def Info: PORTADA.pdf , page1 used on input line 41.
(pdftex.def)             Requested size: 614.38582pt x 795.05208pt.
File: PORTADA.pdf Graphic file (type pdf)
<use PORTADA.pdf, page 1>
Package pdftex.def Info: PORTADA.pdf , page1 used on input line 41.
(pdftex.def)             Requested size: 614.38582pt x 795.05208pt.
[1


 <./PORTADA.pdf>]
Underfull \hbox (badness 10000) in paragraph at lines 58--60

 []

[1

{C:/Users/elfhe/AppData/Local/MiKTeX/fonts/map/pdftex/pdftex.map}]
Underfull \hbox (badness 10000) in paragraph at lines 70--71

 []

[2

] [3

] [4

] (Tesis.toc
LaTeX Info: Redefining \. on input line 1.
LaTeX Info: Redefining \% on input line 1.
LaTeX Font Info:    Trying to load font information for U+msa on input line 6.

(C:\Users\elfhe\AppData\Local\Programs\MiKTeX\tex/latex/amsfonts\umsa.fd
File: umsa.fd 2013/01/14 v3.01 AMS symbols A
)
LaTeX Font Info:    Trying to load font information for U+msb on input line 6.

(C:\Users\elfhe\AppData\Local\Programs\MiKTeX\tex/latex/amsfonts\umsb.fd
File: umsb.fd 2013/01/14 v3.01 AMS symbols B
)
LaTeX Font Info:    Trying to load font information for U+rsfs on input line 6.


(C:\Users\elfhe\AppData\Local\Programs\MiKTeX\tex/latex/jknappen\ursfs.fd
File: ursfs.fd 1998/03/24 rsfs font definition file (jk)
)
[5

]
LaTeX Info: Redefining \. on input line 73.
LaTeX Info: Redefining \% on input line 73.
 [6])
\tf@toc=\write4
\openout4 = `Tesis.toc'.

LaTeX Info: Redefining \. on input line 98.
LaTeX Info: Redefining \% on input line 98.
 [7] (Tesis.lof
LaTeX Info: Redefining \. on input line 1.
LaTeX Info: Redefining \% on input line 1.
 [8

]
LaTeX Info: Redefining \. on input line 61.
LaTeX Info: Redefining \% on input line 61.
 [9]
LaTeX Info: Redefining \. on input line 94.
LaTeX Info: Redefining \% on input line 94.
 [10])
\tf@lof=\write5
\openout5 = `Tesis.lof'.

LaTeX Info: Redefining \. on input line 101.
LaTeX Info: Redefining \% on input line 101.
 [11] (Tesis.lot
LaTeX Info: Redefining \. on input line 1.
LaTeX Info: Redefining \% on input line 1.


Package natbib Warning: Citation `ADITIYA2016631' on page XII undefined on inpu
t line 4.

)
\tf@lot=\write6
\openout6 = `Tesis.lot'.

 [12

]
LaTeX Info: Redefining \. on input line 105.
LaTeX Info: Redefining \% on input line 105.
 [13] [14

]
Cap\'{\i }tulo 1.

Package natbib Warning: Citation `EIA' on page 1 undefined on input line 121.


Package natbib Warning: Citation `2019' on page 1 undefined on input line 121.


Package natbib Warning: Citation `zuliani' on page 1 undefined on input line 12
1.


Package natbib Warning: Citation `2021' on page 1 undefined on input line 121.


pdfTeX warning (ext4): destination with the same identifier (name{page.1}) has 
been already used, duplicate ignored
<to be read again> 
                   \relax 
l.123 
       [1

]

LaTeX Warning: Reference `' on page 2 undefined on input line 125.

LaTeX Info: Redefining \. on input line 132.
LaTeX Info: Redefining \% on input line 132.
[2]
LaTeX Info: Redefining \. on input line 148.
LaTeX Info: Redefining \% on input line 148.
 [3]
LaTeX Info: Redefining \. on input line 148.
LaTeX Info: Redefining \% on input line 148.
 [4]

Package natbib Warning: Citation `Arturo2022evaluacion' on page 5 undefined on 
input line 155.

LaTeX Info: Redefining \. on input line 162.
LaTeX Info: Redefining \% on input line 162.
[5]
Underfull \hbox (badness 10000) in paragraph at lines 168--169

 []

LaTeX Info: Redefining \. on input line 202.
LaTeX Info: Redefining \% on input line 202.
[6]
LaTeX Info: Redefining \. on input line 273.
LaTeX Info: Redefining \% on input line 273.
 [7]
LaTeX Info: Redefining \. on input line 287.
LaTeX Info: Redefining \% on input line 287.
 [8]
Cap\'{\i }tulo 2.

Package natbib Warning: Citation `castro2012produccion' on page 9 undefined on 
input line 296.


Package natbib Warning: Citation `ballesteros2002proceso' on page 9 undefined o
n input line 297.


Package natbib Warning: Citation `cuervo2009lignocelulosa' on page 9 undefined 
on input line 309.


Package natbib Warning: Citation `jara2022principales' on page 9 undefined on i
nput line 310.


Package natbib Warning: Citation `portalproduccion' on page 9 undefined on inpu
t line 312.

[9

]

Package natbib Warning: Citation `olmo2015bagazo' on page 10 undefined on input
 line 319.


Package natbib Warning: Citation `perez2022efecto' on page 10 undefined on inpu
t line 320.

<imagenes/bagazo.png, id=662, 260.47313pt x 287.57437pt>
File: imagenes/bagazo.png Graphic file (type png)
<use imagenes/bagazo.png>
Package pdftex.def Info: imagenes/bagazo.png  used on input line 324.
(pdftex.def)             Requested size: 183.11914pt x 202.1739pt.

LaTeX Warning: `h' float specifier changed to `ht'.


Package natbib Warning: Citation `Riano2010produccion' on page 10 undefined on 
input line 333.

<imagenes/pretrata_1.png, id=664, 749.80125pt x 529.98pt>
File: imagenes/pretrata_1.png Graphic file (type png)
<use imagenes/pretrata_1.png>
Package pdftex.def Info: imagenes/pretrata_1.png  used on input line 336.
(pdftex.def)             Requested size: 183.11914pt x 129.42975pt.

LaTeX Warning: `!h' float specifier changed to `!ht'.


Package natbib Warning: Citation `ADITIYA2016631' on page 10 undefined on input
 line 343.


Package natbib Warning: Citation `Nasution_2022' on page 10 undefined on input 
line 343.


Package natbib Warning: Citation `ADITIYA2016631' on page 10 undefined on input
 line 347.


Package natbib Warning: Citation `ADITIYA2016631' on page 10 undefined on input
 line 347.


LaTeX Warning: `!h' float specifier changed to `!ht'.


Package natbib Warning: Citation `espinosa2021pretratamiento' on page 10 undefi
ned on input line 374.


Package natbib Warning: Citation `valles2022estudio' on page 10 undefined on in
put line 375.

LaTeX Info: Redefining \. on input line 376.
LaTeX Info: Redefining \% on input line 376.
[10]

Package natbib Warning: Citation `Gonzalez2018desarrollo' on page 11 undefined 
on input line 379.

LaTeX Info: Redefining \. on input line 381.
LaTeX Info: Redefining \% on input line 381.
[11 <./imagenes/bagazo.png> <./imagenes/pretrata_1.png>]

Package natbib Warning: Citation `CHOUDHARY201682' on page 12 undefined on inpu
t line 387.

<imagenes/Diagrama2.png, id=678, 417.81094pt x 380.17032pt>
File: imagenes/Diagrama2.png Graphic file (type png)
<use imagenes/Diagrama2.png>
Package pdftex.def Info: imagenes/Diagrama2.png  used on input line 391.
(pdftex.def)             Requested size: 457.80486pt x 416.58759pt.

Overfull \hbox (73.74297pt too wide) in paragraph at lines 390--392
[]  [] 
 []

LaTeX Info: Redefining \. on input line 395.
LaTeX Info: Redefining \% on input line 395.
[12]

Package natbib Warning: Citation `CHOUDHARY201682' on page 13 undefined on inpu
t line 401.


Package natbib Warning: Citation `CHOUDHARY201682' on page 13 undefined on inpu
t line 405.

LaTeX Info: Redefining \. on input line 406.
LaTeX Info: Redefining \% on input line 406.
[13 <./imagenes/Diagrama2.png>]
<imagenes/dagrama ssf.png, id=688, 1821.80624pt x 914.41624pt>
File: imagenes/dagrama ssf.png Graphic file (type png)
<use imagenes/dagrama ssf.png>
Package pdftex.def Info: imagenes/dagrama ssf.png  used on input line 411.
(pdftex.def)             Requested size: 412.02156pt x 206.7952pt.


Package natbib Warning: Citation `ADITIYA2016631' on page 14 undefined on input
 line 419.


Package natbib Warning: Citation `espinosa2021pretratamiento' on page 14 undefi
ned on input line 420.


Package natbib Warning: Citation `valles2022estudio' on page 14 undefined on in
put line 421.


Package natbib Warning: Citation `Gonzalez2018desarrollo' on page 14 undefined 
on input line 423.


Package natbib Warning: Citation `Amaya2024' on page 14 undefined on input line
 443.

LaTeX Info: Redefining \. on input line 444.
LaTeX Info: Redefining \% on input line 444.
[14 <./imagenes/dagrama ssf.png>]

Package natbib Warning: Citation `Galbe2012' on page 15 undefined on input line
 450.


Package natbib Warning: Citation `Nasution_2022' on page 15 undefined on input 
line 454.


Package natbib Warning: Citation `Arturo2022evaluacion' on page 15 undefined on
 input line 456.

LaTeX Info: Redefining \. on input line 457.
LaTeX Info: Redefining \% on input line 457.
[15]

Package natbib Warning: Citation `Galbe2012' on page 16 undefined on input line
 469.


Package natbib Warning: Citation `Arturo2022evaluacion' on page 16 undefined on
 input line 470.


Package natbib Warning: Citation `TANTAYOTAI2022102499' on page 16 undefined on
 input line 472.


Package natbib Warning: Citation `rojas2010analisis' on page 16 undefined on in
put line 475.


Package natbib Warning: Citation `rojas2010analisis' on page 16 undefined on in
put line 482.

LaTeX Info: Redefining \. on input line 483.
LaTeX Info: Redefining \% on input line 483.
[16]

Package natbib Warning: Citation `MOONSAMY2022115675' on page 17 undefined on i
nput line 484.


Package natbib Warning: Citation `Gomes2022analisis' on page 17 undefined on in
put line 494.


Package natbib Warning: Citation `Perez2024' on page 17 undefined on input line
 505.


Package natbib Warning: Citation `Segura2018' on page 17 undefined on input lin
e 506.

LaTeX Info: Redefining \. on input line 507.
LaTeX Info: Redefining \% on input line 507.
[17]
LaTeX Info: Redefining \. on input line 514.
LaTeX Info: Redefining \% on input line 514.
 [18]
Cap\'{\i }tulo 3.
<imagenes/Biorreactor.png, id=718, 154.6578pt x 200.4288pt>
File: imagenes/Biorreactor.png Graphic file (type png)
<use imagenes/Biorreactor.png>
Package pdftex.def Info: imagenes/Biorreactor.png  used on input line 523.
(pdftex.def)             Requested size: 170.71642pt x 199.1744pt.
<imagenes/Reactor.png, id=720, 441.8106pt x 335.3328pt>
File: imagenes/Reactor.png Graphic file (type png)
<use imagenes/Reactor.png>
Package pdftex.def Info: imagenes/Reactor.png  used on input line 534.
(pdftex.def)             Requested size: 199.17023pt x 199.16986pt.
[19

 <./imagenes/Biorreactor.png>]
<imagenes/soldado1.png, id=727, 623.32875pt x 925.95938pt>
File: imagenes/soldado1.png Graphic file (type png)
<use imagenes/soldado1.png>
Package pdftex.def Info: imagenes/soldado1.png  used on input line 549.
(pdftex.def)             Requested size: 170.71686pt x 199.16216pt.
<imagenes/reactor_tubos.png, id=729, 676.77844pt x 688.07062pt>
File: imagenes/reactor_tubos.png Graphic file (type png)
<use imagenes/reactor_tubos.png>
Package pdftex.def Info: imagenes/reactor_tubos.png  used on input line 559.
(pdftex.def)             Requested size: 199.16255pt x 142.26279pt.
LaTeX Info: Redefining \. on input line 562.
LaTeX Info: Redefining \% on input line 562.
 [20 <./imagenes/Reactor.png> <./imagenes/soldado1.png>]
<imagenes/reactor_completo.png, id=737, 1204.5pt x 906.38625pt>
File: imagenes/reactor_completo.png Graphic file (type png)
<use imagenes/reactor_completo.png>
Package pdftex.def Info: imagenes/reactor_completo.png  used on input line 571.

(pdftex.def)             Requested size: 199.15665pt x 199.17047pt.
LaTeX Info: Redefining \. on input line 580.
LaTeX Info: Redefining \% on input line 580.
 [21 <./imagenes/reactor_tubos.png> <./imagenes/reactor_completo.png>]
<imagenes/motorreductor.png, id=745, 203.8014pt x 334.851pt>
File: imagenes/motorreductor.png Graphic file (type png)
<use imagenes/motorreductor.png>
Package pdftex.def Info: imagenes/motorreductor.png  used on input line 587.
(pdftex.def)             Requested size: 142.26506pt x 199.16983pt.
<imagenes/Medidas del mezclador.png, id=747, 1413.78188pt x 505.89pt>
File: imagenes/Medidas del mezclador.png Graphic file (type png)
<use imagenes/Medidas del mezclador.png>
Package pdftex.def Info: imagenes/Medidas del mezclador.png  used on input line
 602.
(pdftex.def)             Requested size: 426.79126pt x 170.71892pt.
LaTeX Info: Redefining \. on input line 606.
LaTeX Info: Redefining \% on input line 606.
 [22 <./imagenes/motorreductor.png>]
<imagenes/Mezclador y reactor vista frontal.png, id=755, 1445.4pt x 813.0375pt>

File: imagenes/Mezclador y reactor vista frontal.png Graphic file (type png)
<use imagenes/Mezclador y reactor vista frontal.png>
Package pdftex.def Info: imagenes/Mezclador y reactor vista frontal.png  used o
n input line 612.
(pdftex.def)             Requested size: 199.15665pt x 199.16492pt.
<imagenes/reactor con mezclador.jpg, id=757, 902.37125pt x 1604.99625pt>
File: imagenes/reactor con mezclador.jpg Graphic file (type jpg)
<use imagenes/reactor con mezclador.jpg>
Package pdftex.def Info: imagenes/reactor con mezclador.jpg  used on input line
 621.
(pdftex.def)             Requested size: 170.70879pt x 199.15462pt.
LaTeX Info: Redefining \. on input line 625.
LaTeX Info: Redefining \% on input line 625.
 [23 <./imagenes/Medidas del mezclador.png> <./imagenes/Mezclador y reactor vis
ta frontal.png>]
LaTeX Info: Redefining \. on input line 654.
LaTeX Info: Redefining \% on input line 654.
 [24 <./imagenes/reactor con mezclador.jpg>]
<imagenes/Diagrama1_1.png, id=772, 469.755pt x 537.207pt>
File: imagenes/Diagrama1_1.png Graphic file (type png)
<use imagenes/Diagrama1_1.png>
Package pdftex.def Info: imagenes/Diagrama1_1.png  used on input line 664.
(pdftex.def)             Requested size: 199.16656pt x 199.16513pt.
<imagenes/convertidor diagrama.png, id=774, 627.7854pt x 308.8338pt>
File: imagenes/convertidor diagrama.png Graphic file (type png)
<use imagenes/convertidor diagrama.png>
Package pdftex.def Info: imagenes/convertidor diagrama.png  used on input line 
677.
(pdftex.def)             Requested size: 170.7113pt x 193.47775pt.
LaTeX Info: Redefining \. on input line 680.
LaTeX Info: Redefining \% on input line 680.
 [25 <./imagenes/Diagrama1_1.png>]
<imagenes/3_reactor.jpg, id=781, 502.12593pt x 462.22687pt>
File: imagenes/3_reactor.jpg Graphic file (type jpg)
<use imagenes/3_reactor.jpg>
Package pdftex.def Info: imagenes/3_reactor.jpg  used on input line 687.
(pdftex.def)             Requested size: 199.16887pt x 170.71799pt.
<imagenes/sstema.png, id=783, 8900.25125pt x 2866.71pt>
File: imagenes/sstema.png Graphic file (type png)
<use imagenes/sstema.png>
Package pdftex.def Info: imagenes/sstema.png  used on input line 704.
(pdftex.def)             Requested size: 426.70473pt x 170.6829pt.
LaTeX Info: Redefining \. on input line 707.
LaTeX Info: Redefining \% on input line 707.
 [26 <./imagenes/convertidor diagrama.png> <./imagenes/3_reactor.jpg>]
LaTeX Info: Redefining \. on input line 722.
LaTeX Info: Redefining \% on input line 722.
 [27 <./imagenes/sstema.png>]
LaTeX Info: Redefining \. on input line 756.
LaTeX Info: Redefining \% on input line 756.

[28]
<imagenes/Senal en simulink.png, id=814, 425.4294pt x 160.9212pt>
File: imagenes/Senal en simulink.png Graphic file (type png)
<use imagenes/Senal en simulink.png>
Package pdftex.def Info: imagenes/Senal en simulink.png  used on input line 760
.
(pdftex.def)             Requested size: 426.81104pt x 170.73035pt.
<imagenes/Senal PWM.png, id=816, 962.09438pt x 635.37375pt>
File: imagenes/Senal PWM.png Graphic file (type png)
<use imagenes/Senal PWM.png>
Package pdftex.def Info: imagenes/Senal PWM.png  used on input line 770.
(pdftex.def)             Requested size: 426.80208pt x 184.942pt.
LaTeX Info: Redefining \. on input line 777.
LaTeX Info: Redefining \% on input line 777.
 [29 <./imagenes/Senal en simulink.png> <./imagenes/Senal PWM.png>]
<imagenes/1.png, id=824, 1194.71344pt x 639.89063pt>
File: imagenes/1.png Graphic file (type png)
<use imagenes/1.png>
Package pdftex.def Info: imagenes/1.png  used on input line 794.
(pdftex.def)             Requested size: 341.42659pt x 170.71259pt.
<imagenes/prueba a 90_k12.png, id=827, 1187.18532pt x 637.63219pt>
File: imagenes/prueba a 90_k12.png Graphic file (type png)
<use imagenes/prueba a 90_k12.png>
Package pdftex.def Info: imagenes/prueba a 90_k12.png  used on input line 803.
(pdftex.def)             Requested size: 341.43088pt x 170.7133pt.
LaTeX Info: Redefining \. on input line 807.
LaTeX Info: Redefining \% on input line 807.

[30 <./imagenes/1.png>]
<imagenes/4.png, id=834, 1180.41pt x 631.60968pt>
File: imagenes/4.png Graphic file (type png)
<use imagenes/4.png>
Package pdftex.def Info: imagenes/4.png  used on input line 818.
(pdftex.def)             Requested size: 341.42757pt x 170.72pt.
<imagenes/4_1.png, id=837, 1202.24156pt x 658.71094pt>
File: imagenes/4_1.png Graphic file (type png)
<use imagenes/4_1.png>
Package pdftex.def Info: imagenes/4_1.png  used on input line 826.
(pdftex.def)             Requested size: 341.43166pt x 170.71803pt.
LaTeX Info: Redefining \. on input line 830.
LaTeX Info: Redefining \% on input line 830.
 [31 <./imagenes/prueba a 90_k12.png> <./imagenes/4.png>]
<imagenes/5.png, id=845, 1184.92688pt x 642.90187pt>
File: imagenes/5.png Graphic file (type png)
<use imagenes/5.png>
Package pdftex.def Info: imagenes/5.png  used on input line 839.
(pdftex.def)             Requested size: 341.43225pt x 170.71153pt.
<imagenes/5_1.png, id=847, 1203.7472pt x 666.99188pt>
File: imagenes/5_1.png Graphic file (type png)
<use imagenes/5_1.png>
Package pdftex.def Info: imagenes/5_1.png  used on input line 851.
(pdftex.def)             Requested size: 341.43678pt x 170.71677pt.
LaTeX Info: Redefining \. on input line 855.
LaTeX Info: Redefining \% on input line 855.
 [32 <./imagenes/4_1.png> <./imagenes/5.png>]
<imagenes/7.png, id=854, 1192.455pt x 642.90187pt>
File: imagenes/7.png Graphic file (type png)
<use imagenes/7.png>
Package pdftex.def Info: imagenes/7.png  used on input line 867.
(pdftex.def)             Requested size: 341.4362pt x 170.71153pt.


Package natbib Warning: Citation `wang2024theoretical' on page 33 undefined on 
input line 876.

LaTeX Info: Redefining \. on input line 877.
LaTeX Info: Redefining \% on input line 877.
[33 <./imagenes/5_1.png> <./imagenes/7.png>]
<imagenes/PRBS.png, id=862, 1427.3325pt x 667.74469pt>
File: imagenes/PRBS.png Graphic file (type png)
<use imagenes/PRBS.png>
Package pdftex.def Info: imagenes/PRBS.png  used on input line 880.
(pdftex.def)             Requested size: 341.43428pt x 170.71585pt.
<imagenes/senal_prbs_ampl_alea.png, id=863, 1183.42125pt x 632.3625pt>
File: imagenes/senal_prbs_ampl_alea.png Graphic file (type png)
<use imagenes/senal_prbs_ampl_alea.png>
Package pdftex.def Info: imagenes/senal_prbs_ampl_alea.png  used on input line 
891.
(pdftex.def)             Requested size: 341.4318pt x 170.71121pt.
LaTeX Info: Redefining \. on input line 895.
LaTeX Info: Redefining \% on input line 895.
 [34 <./imagenes/PRBS.png>]
<imagenes/diagrama_PRBS.png, id=871, 2879.75874pt x 722.7pt>
File: imagenes/diagrama_PRBS.png Graphic file (type png)
<use imagenes/diagrama_PRBS.png>
Package pdftex.def Info: imagenes/diagrama_PRBS.png  used on input line 906.
(pdftex.def)             Requested size: 341.42564pt x 113.80379pt.
<imagenes/temperatura con prbs.png, id=873, 1215.79219pt x 649.67719pt>
File: imagenes/temperatura con prbs.png Graphic file (type png)
<use imagenes/temperatura con prbs.png>
Package pdftex.def Info: imagenes/temperatura con prbs.png  used on input line 
915.
(pdftex.def)             Requested size: 341.42126pt x 170.7163pt.
LaTeX Info: Redefining \. on input line 919.
LaTeX Info: Redefining \% on input line 919.

[35 <./imagenes/senal_prbs_ampl_alea.png> <./imagenes/diagrama_PRBS.png>]
<imagenes/temp_neta.png, id=880, 1445.4pt x 697.10437pt>
File: imagenes/temp_neta.png Graphic file (type png)
<use imagenes/temp_neta.png>
Package pdftex.def Info: imagenes/temp_neta.png  used on input line 925.
(pdftex.def)             Requested size: 341.43344pt x 170.71228pt.
LaTeX Info: Redefining \. on input line 938.
LaTeX Info: Redefining \% on input line 938.

[36 <./imagenes/temperatura con prbs.png> <./imagenes/temp_neta.png (PNG copy)>
]
<imagenes/identificacion.png, id=888, 473.6094pt x 247.6452pt>
File: imagenes/identificacion.png Graphic file (type png)
<use imagenes/identificacion.png>
Package pdftex.def Info: imagenes/identificacion.png  used on input line 949.
(pdftex.def)             Requested size: 341.43933pt x 170.71664pt.
<imagenes/Polos y ceros.png, id=890, 1193.96063pt x 626.34pt>
File: imagenes/Polos y ceros.png Graphic file (type png)
<use imagenes/Polos y ceros.png>
Package pdftex.def Info: imagenes/Polos y ceros.png  used on input line 957.
(pdftex.def)             Requested size: 341.43007pt x 170.7101pt.
<imagenes/respuesta.jpg, id=891, 1202.99437pt x 622.57594pt>
File: imagenes/respuesta.jpg Graphic file (type jpg)
<use imagenes/respuesta.jpg>
Package pdftex.def Info: imagenes/respuesta.jpg  used on input line 967.
(pdftex.def)             Requested size: 341.42517pt x 170.71967pt.
LaTeX Info: Redefining \. on input line 970.
LaTeX Info: Redefining \% on input line 970.
 [37 <./imagenes/identificacion.png> <./imagenes/Polos y ceros.png>]
<imagenes/pid tuner.png, id=900, 1445.4pt x 767.86874pt>
File: imagenes/pid tuner.png Graphic file (type png)
<use imagenes/pid tuner.png>
Package pdftex.def Info: imagenes/pid tuner.png  used on input line 988.
(pdftex.def)             Requested size: 341.43344pt x 199.16078pt.
LaTeX Info: Redefining \. on input line 996.
LaTeX Info: Redefining \% on input line 996.
 [38 <./imagenes/respuesta.jpg> <./imagenes/pid tuner.png>]
<imagenes/sistema_controlado.png, id=908, 577.40718pt x 396.7322pt>
File: imagenes/sistema_controlado.png Graphic file (type png)
<use imagenes/sistema_controlado.png>
Package pdftex.def Info: imagenes/sistema_controlado.png  used on input line 10
24.
(pdftex.def)             Requested size: 341.44261pt x 170.71864pt.
<imagenes/diagrama_de_pretrata.png, id=909, 2736.3831pt x 977.5722pt>
File: imagenes/diagrama_de_pretrata.png Graphic file (type png)
<use imagenes/diagrama_de_pretrata.png>
Package pdftex.def Info: imagenes/diagrama_de_pretrata.png  used on input line 
1040.
(pdftex.def)             Requested size: 457.80486pt x 163.54485pt.
LaTeX Info: Redefining \. on input line 1043.
LaTeX Info: Redefining \% on input line 1043.
 [39 <./imagenes/sistema_controlado.png>]
LaTeX Info: Redefining \. on input line 1045.
LaTeX Info: Redefining \% on input line 1045.
 [40 <./imagenes/diagrama_de_pretrata.png>]
<imagenes/hf.jpeg, id=928, 3207.1017pt x 1082.1228pt>
File: imagenes/hf.jpeg Graphic file (type jpg)
<use imagenes/hf.jpeg>
Package pdftex.def Info: imagenes/hf.jpeg  used on input line 1050.
(pdftex.def)             Requested size: 503.58813pt x 169.90686pt.

Overfull \hbox (45.78328pt too wide) in paragraph at lines 1050--1051
 [][] 
 []

LaTeX Info: Redefining \. on input line 1065.
LaTeX Info: Redefining \% on input line 1065.
[41 <./imagenes/hf.jpeg>]
Cap\'{\i }tulo 4.
[42

]

Package natbib Warning: Citation `Arturo2022evaluacion' on page 43 undefined on
 input line 1084.

LaTeX Info: Redefining \. on input line 1123.
LaTeX Info: Redefining \% on input line 1123.
[43]
<imagenes/diagramabiologico.png, id=946, 2572.61125pt x 1838.87pt>
File: imagenes/diagramabiologico.png Graphic file (type png)
<use imagenes/diagramabiologico.png>
Package pdftex.def Info: imagenes/diagramabiologico.png  used on input line 115
4.
(pdftex.def)             Requested size: 412.02156pt x 294.5058pt.


LaTeX Warning: `!h' float specifier changed to `!ht'.

LaTeX Info: Redefining \. on input line 1190.
LaTeX Info: Redefining \% on input line 1190.
[44]
LaTeX Info: Redefining \. on input line 1221.
LaTeX Info: Redefining \% on input line 1221.
 [45 <./imagenes/diagramabiologico.png>]
<imagenes/Diagrama alcalino.png, id=963, 4065.1875pt x 1955.305pt>
File: imagenes/Diagrama alcalino.png Graphic file (type png)
<use imagenes/Diagrama alcalino.png>
Package pdftex.def Info: imagenes/Diagrama alcalino.png  used on input line 123
0.
(pdftex.def)             Requested size: 457.80486pt x 220.18608pt.


Package natbib Warning: Citation `Arturo2022evaluacion' on page 46 undefined on
 input line 1241.


Underfull \hbox (badness 10000) in paragraph at lines 1241--1242

 []

LaTeX Info: Redefining \. on input line 1242.
LaTeX Info: Redefining \% on input line 1242.
[46 <./imagenes/Diagrama alcalino.png>]
Overfull \hbox (25.91197pt too wide) in paragraph at lines 1248--1259
 [][] 
 []


Package natbib Warning: Citation `Arturo2022evaluacion' on page 47 undefined on
 input line 1268.

LaTeX Info: Redefining \. on input line 1282.
LaTeX Info: Redefining \% on input line 1282.
[47]
Cap\'{\i }tulo 5.

Underfull \hbox (badness 10000) in paragraph at lines 1303--1304

 []


Overfull \hbox (7.84851pt too wide) in paragraph at lines 1305--1309
[][] 
 []

[48

]
<imagenes/secado de bagazo.jpg, id=986, 698.61pt x 426.09187pt>
File: imagenes/secado de bagazo.jpg Graphic file (type jpg)
<use imagenes/secado de bagazo.jpg>
Package pdftex.def Info: imagenes/secado de bagazo.jpg  used on input line 1322
.
(pdftex.def)             Requested size: 142.25658pt x 85.3534pt.
<imagenes/cernir_bagazo_1.jpg, id=987, 1606.0pt x 1208.515pt>
File: imagenes/cernir_bagazo_1.jpg Graphic file (type jpg)
<use imagenes/cernir_bagazo_1.jpg>
Package pdftex.def Info: imagenes/cernir_bagazo_1.jpg  used on input line 1329.

(pdftex.def)             Requested size: 142.25475pt x 85.3423pt.
<imagenes/cernir_bagazo_2.jpg, id=990, 906.38625pt x 1204.5pt>
File: imagenes/cernir_bagazo_2.jpg Graphic file (type jpg)
<use imagenes/cernir_bagazo_2.jpg>
Package pdftex.def Info: imagenes/cernir_bagazo_2.jpg  used on input line 1347.

(pdftex.def)             Requested size: 85.63734pt x 113.80379pt.
<imagenes/cernir_bagazo_cedazo.jpg, id=991, 1208.515pt x 1606.0pt>
File: imagenes/cernir_bagazo_cedazo.jpg Graphic file (type jpg)
<use imagenes/cernir_bagazo_cedazo.jpg>
Package pdftex.def Info: imagenes/cernir_bagazo_cedazo.jpg  used on input line 
1354.
(pdftex.def)             Requested size: 85.63734pt x 113.80379pt.
LaTeX Info: Redefining \. on input line 1359.
LaTeX Info: Redefining \% on input line 1359.
 [49 <./imagenes/secado de bagazo.jpg> <./imagenes/cernir_bagazo_1.jpg>]
<imagenes/cernir_bagazo_pesado.jpg, id=996, 2312.64pt x 2413.51688pt>
File: imagenes/cernir_bagazo_pesado.jpg Graphic file (type jpg)
<use imagenes/cernir_bagazo_pesado.jpg>
Package pdftex.def Info: imagenes/cernir_bagazo_pesado.jpg  used on input line 
1366.
(pdftex.def)             Requested size: 142.24593pt x 85.32875pt.

Underfull \hbox (badness 10000) in paragraph at lines 1377--1378

 []


Underfull \hbox (badness 10000) in paragraph at lines 1379--1380

 []


Underfull \hbox (badness 10000) in paragraph at lines 1381--1384

 []


Underfull \hbox (badness 10000) in paragraph at lines 1385--1386

 []


Underfull \hbox (badness 2698) in paragraph at lines 1388--1389
[][]$\OMS/cmsy/m/n/12 ^^O$[] \OT1/cmr/m/it/12 Bol-sa pl^^Sasti-ca
 []


Underfull \hbox (badness 10000) in paragraph at lines 1387--1391

 []

LaTeX Info: Redefining \. on input line 1391.
LaTeX Info: Redefining \% on input line 1391.
[50 <./imagenes/cernir_bagazo_2.jpg> <./imagenes/cernir_bagazo_cedazo.jpg> <./i
magenes/cernir_bagazo_pesado.jpg>]
Underfull \hbox (badness 10000) in paragraph at lines 1393--1395

 []

<imagenes/pesado2.jpg, id=1003, 548.80031pt x 692.5875pt>
File: imagenes/pesado2.jpg Graphic file (type jpg)
<use imagenes/pesado2.jpg>
Package pdftex.def Info: imagenes/pesado2.jpg  used on input line 1406.
(pdftex.def)             Requested size: 85.35625pt x 142.25612pt.
<imagenes/humus.jpg, id=1004, 1208.515pt x 1606.0pt>
File: imagenes/humus.jpg Graphic file (type jpg)
<use imagenes/humus.jpg>
Package pdftex.def Info: imagenes/humus.jpg  used on input line 1413.
(pdftex.def)             Requested size: 85.3423pt x 142.25475pt.
<imagenes/reactor limpio.jpg, id=1007, 3083.52pt x 4095.3pt>
File: imagenes/reactor limpio.jpg Graphic file (type jpg)
<use imagenes/reactor limpio.jpg>
Package pdftex.def Info: imagenes/reactor limpio.jpg  used on input line 1431.
(pdftex.def)             Requested size: 113.76851pt x 142.22534pt.
<imagenes/biologico5.jpg, id=1008, 966.61125pt x 1284.8pt>
File: imagenes/biologico5.jpg Graphic file (type jpg)
<use imagenes/biologico5.jpg>
Package pdftex.def Info: imagenes/biologico5.jpg  used on input line 1438.
(pdftex.def)             Requested size: 113.80545pt x 142.24985pt.
LaTeX Info: Redefining \. on input line 1443.
LaTeX Info: Redefining \% on input line 1443.
[51 <./imagenes/pesado2.jpg> <./imagenes/humus.jpg>]
<imagenes/humus2.jpg, id=1015, 1208.515pt x 1606.0pt>
File: imagenes/humus2.jpg Graphic file (type jpg)
<use imagenes/humus2.jpg>
Package pdftex.def Info: imagenes/humus2.jpg  used on input line 1454.
(pdftex.def)             Requested size: 85.3423pt x 142.25475pt.
<imagenes/cellado del reactor.jpg, id=1016, 3083.52pt x 4095.3pt>
File: imagenes/cellado del reactor.jpg Graphic file (type jpg)
<use imagenes/cellado del reactor.jpg>
Package pdftex.def Info: imagenes/cellado del reactor.jpg  used on input line 1
461.
(pdftex.def)             Requested size: 85.3499pt x 142.22534pt.
LaTeX Info: Redefining \. on input line 1469.
LaTeX Info: Redefining \% on input line 1469.
 [52 <./imagenes/reactor limpio.jpg> <./imagenes/biologico5.jpg> <./imagenes/hu
mus2.jpg> <./imagenes/cellado del reactor.jpg>]
<imagenes/programa1.jpg, id=1026, 4095.3pt x 3083.52pt>
File: imagenes/programa1.jpg Graphic file (type jpg)
<use imagenes/programa1.jpg>
Package pdftex.def Info: imagenes/programa1.jpg  used on input line 1474.
(pdftex.def)             Requested size: 142.22534pt x 85.3499pt.
<imagenes/programa2.jpg, id=1027, 4095.3pt x 3083.52pt>
File: imagenes/programa2.jpg Graphic file (type jpg)
<use imagenes/programa2.jpg>
Package pdftex.def Info: imagenes/programa2.jpg  used on input line 1481.
(pdftex.def)             Requested size: 142.22534pt x 85.3499pt.

Underfull \hbox (badness 10000) in paragraph at lines 1491--1495

 []


Underfull \hbox (badness 10000) in paragraph at lines 1496--1499

 []


Underfull \hbox (badness 10000) in paragraph at lines 1502--1504

 []


Overfull \hbox (7.84851pt too wide) in paragraph at lines 1505--1510
[][] 
 []


Underfull \hbox (badness 10000) in paragraph at lines 1505--1510

 []


Underfull \hbox (badness 10000) in paragraph at lines 1512--1514

 []


Underfull \hbox (badness 10000) in paragraph at lines 1516--1517

 []

LaTeX Info: Redefining \. on input line 1518.
LaTeX Info: Redefining \% on input line 1518.
[53 <./imagenes/programa1.jpg> <./imagenes/programa2.jpg>]
<imagenes/pesado4.jpg, id=1035, 1830.84pt x 2312.64pt>
File: imagenes/pesado4.jpg Graphic file (type jpg)
<use imagenes/pesado4.jpg>
Package pdftex.def Info: imagenes/pesado4.jpg  used on input line 1525.
(pdftex.def)             Requested size: 85.34549pt x 142.24593pt.
<imagenes/hidroxido_pesado.jpg, id=1036, 3083.52pt x 4095.3pt>
File: imagenes/hidroxido_pesado.jpg Graphic file (type jpg)
<use imagenes/hidroxido_pesado.jpg>
Package pdftex.def Info: imagenes/hidroxido_pesado.jpg  used on input line 1532
.
(pdftex.def)             Requested size: 85.3499pt x 142.22534pt.
File: imagenes/reactor limpio.jpg Graphic file (type jpg)
<use imagenes/reactor limpio.jpg>
Package pdftex.def Info: imagenes/reactor limpio.jpg  used on input line 1542.
(pdftex.def)             Requested size: 85.3499pt x 142.22534pt.
<imagenes/agua con bagazo.jpg, id=1038, 966.61125pt x 1284.8pt>
File: imagenes/agua con bagazo.jpg Graphic file (type jpg)
<use imagenes/agua con bagazo.jpg>
Package pdftex.def Info: imagenes/agua con bagazo.jpg  used on input line 1556.

(pdftex.def)             Requested size: 85.35408pt x 85.35774pt.
<imagenes/bagazo con hidroxido1.jpg, id=1039, 3083.52pt x 2842.62pt>
File: imagenes/bagazo con hidroxido1.jpg Graphic file (type jpg)
<use imagenes/bagazo con hidroxido1.jpg>
Package pdftex.def Info: imagenes/bagazo con hidroxido1.jpg  used on input line
 1563.
(pdftex.def)             Requested size: 142.23416pt x 85.31828pt.
LaTeX Info: Redefining \. on input line 1568.
LaTeX Info: Redefining \% on input line 1568.
 [54 <./imagenes/pesado4.jpg> <./imagenes/hidroxido_pesado.jpg>]
<imagenes/sellado2.jpg, id=1047, 4095.3pt x 3083.52pt>
File: imagenes/sellado2.jpg Graphic file (type jpg)
<use imagenes/sellado2.jpg>
Package pdftex.def Info: imagenes/sellado2.jpg  used on input line 1580.
(pdftex.def)             Requested size: 151.0988pt x 113.76851pt.
<imagenes/programa3.jpg, id=1048, 4095.3pt x 3083.52pt>
File: imagenes/programa3.jpg Graphic file (type jpg)
<use imagenes/programa3.jpg>
Package pdftex.def Info: imagenes/programa3.jpg  used on input line 1587.
(pdftex.def)             Requested size: 151.0988pt x 113.76851pt.

Underfull \hbox (badness 10000) in paragraph at lines 1602--1604

 []


Overfull \hbox (7.84851pt too wide) in paragraph at lines 1605--1611
[][] 
 []


Underfull \hbox (badness 10000) in paragraph at lines 1605--1611

 []

LaTeX Info: Redefining \. on input line 1611.
LaTeX Info: Redefining \% on input line 1611.
[55 <./imagenes/agua con bagazo.jpg> <./imagenes/bagazo con hidroxido1.jpg> <./
imagenes/sellado2.jpg> <./imagenes/programa3.jpg>]
<imagenes/watimetro.jpg, id=1057, 1284.8pt x 966.61125pt>
File: imagenes/watimetro.jpg Graphic file (type jpg)
<use imagenes/watimetro.jpg>
Package pdftex.def Info: imagenes/watimetro.jpg  used on input line 1625.
(pdftex.def)             Requested size: 142.24985pt x 85.35408pt.
<imagenes/biologico1.jpg, id=1058, 1208.515pt x 1606.0pt>
File: imagenes/biologico1.jpg Graphic file (type jpg)
<use imagenes/biologico1.jpg>
Package pdftex.def Info: imagenes/biologico1.jpg  used on input line 1632.
(pdftex.def)             Requested size: 113.79588pt x 85.35284pt.
<imagenes/biologico6.jpg, id=1061, 4095.3pt x 3083.52pt>
File: imagenes/biologico6.jpg Graphic file (type jpg)
<use imagenes/biologico6.jpg>
Package pdftex.def Info: imagenes/biologico6.jpg  used on input line 1645.
(pdftex.def)             Requested size: 142.22534pt x 85.3499pt.
<imagenes/bagazo_biologico_sacado.jpg, id=1062, 1606.0pt x 1208.515pt>
File: imagenes/bagazo_biologico_sacado.jpg Graphic file (type jpg)
<use imagenes/bagazo_biologico_sacado.jpg>
Package pdftex.def Info: imagenes/bagazo_biologico_sacado.jpg  used on input li
ne 1652.
(pdftex.def)             Requested size: 142.25475pt x 85.3423pt.
LaTeX Info: Redefining \. on input line 1659.
LaTeX Info: Redefining \% on input line 1659.
 [56 <./imagenes/watimetro.jpg> <./imagenes/biologico1.jpg> <./imagenes/biologi
co6.jpg> <./imagenes/bagazo_biologico_sacado.jpg>]
<imagenes/biologico3.jpg, id=1069, 877.02657pt x 890.5772pt>
File: imagenes/biologico3.jpg Graphic file (type jpg)
<use imagenes/biologico3.jpg>
Package pdftex.def Info: imagenes/biologico3.jpg  used on input line 1668.
(pdftex.def)             Requested size: 142.25417pt x 85.3531pt.
<imagenes/secado2.jpg, id=1070, 4095.3pt x 3083.52pt>
File: imagenes/secado2.jpg Graphic file (type jpg)
<use imagenes/secado2.jpg>
Package pdftex.def Info: imagenes/secado2.jpg  used on input line 1675.
(pdftex.def)             Requested size: 113.79277pt x 85.3499pt.
<imagenes/enjuagado.jpg, id=1073, 1638.12pt x 1507.13063pt>
File: imagenes/enjuagado.jpg Graphic file (type jpg)
<use imagenes/enjuagado.jpg>
Package pdftex.def Info: imagenes/enjuagado.jpg  used on input line 1692.
(pdftex.def)             Requested size: 142.25034pt x 85.34161pt.
<imagenes/secado6.jpg, id=1074, 1443.14156pt x 1128.46594pt>
File: imagenes/secado6.jpg Graphic file (type jpg)
<use imagenes/secado6.jpg>
Package pdftex.def Info: imagenes/secado6.jpg  used on input line 1699.
(pdftex.def)             Requested size: 113.80214pt x 85.35449pt.

Underfull \hbox (badness 10000) in paragraph at lines 1706--1707

 []

LaTeX Info: Redefining \. on input line 1707.
LaTeX Info: Redefining \% on input line 1707.
[57 <./imagenes/biologico3.jpg> <./imagenes/secado2.jpg> <./imagenes/enjuagado.
jpg> <./imagenes/secado6.jpg>]
Underfull \hbox (badness 10000) in paragraph at lines 1713--1716

 []


Overfull \hbox (7.84851pt too wide) in paragraph at lines 1717--1722
[][] 
 []


Overfull \hbox (7.84851pt too wide) in paragraph at lines 1726--1731
[][] 
 []


Underfull \hbox (badness 10000) in paragraph at lines 1726--1731

 []


Underfull \hbox (badness 10000) in paragraph at lines 1732--1735

 []

<imagenes/agua.jpg, id=1082, 569.87906pt x 754.31813pt>
File: imagenes/agua.jpg Graphic file (type jpg)
<use imagenes/agua.jpg>
Package pdftex.def Info: imagenes/agua.jpg  used on input line 1745.
(pdftex.def)             Requested size: 85.35643pt x 85.3578pt.
<imagenes/levadura y acido citrico.jpg, id=1083, 2211.01031pt x 1623.81656pt>
File: imagenes/levadura y acido citrico.jpg Graphic file (type jpg)
<use imagenes/levadura y acido citrico.jpg>
Package pdftex.def Info: imagenes/levadura y acido citrico.jpg  used on input l
ine 1752.
(pdftex.def)             Requested size: 113.79576pt x 85.35818pt.
LaTeX Info: Redefining \. on input line 1757.
LaTeX Info: Redefining \% on input line 1757.
[58]
<imagenes/hidrolisis1.jpg, id=1092, 835.62187pt x 916.1728pt>
File: imagenes/hidrolisis1.jpg Graphic file (type jpg)
<use imagenes/hidrolisis1.jpg>
Package pdftex.def Info: imagenes/hidrolisis1.jpg  used on input line 1770.
(pdftex.def)             Requested size: 85.35216pt x 85.34578pt.
<imagenes/hidrolisis4.jpg, id=1093, 1208.515pt x 1606.0pt>
File: imagenes/hidrolisis4.jpg Graphic file (type jpg)
<use imagenes/hidrolisis4.jpg>
Package pdftex.def Info: imagenes/hidrolisis4.jpg  used on input line 1777.
(pdftex.def)             Requested size: 113.79588pt x 85.35284pt.

Underfull \hbox (badness 10000) in paragraph at lines 1784--1785

 []

<imagenes/hidrolisis9.jpg, id=1096, 1208.515pt x 1606.0pt>
File: imagenes/hidrolisis9.jpg Graphic file (type jpg)
<use imagenes/hidrolisis9.jpg>
Package pdftex.def Info: imagenes/hidrolisis9.jpg  used on input line 1795.
(pdftex.def)             Requested size: 142.24947pt x 85.35284pt.
<imagenes/hidrolisis3.jpg, id=1097, 1208.515pt x 1606.0pt>
File: imagenes/hidrolisis3.jpg Graphic file (type jpg)
<use imagenes/hidrolisis3.jpg>
Package pdftex.def Info: imagenes/hidrolisis3.jpg  used on input line 1802.
(pdftex.def)             Requested size: 142.24947pt x 85.35284pt.
LaTeX Info: Redefining \. on input line 1807.
LaTeX Info: Redefining \% on input line 1807.
[59 <./imagenes/agua.jpg> <./imagenes/levadura y acido citrico.jpg> <./imagenes
/hidrolisis1.jpg> <./imagenes/hidrolisis4.jpg>]
Underfull \hbox (badness 10000) in paragraph at lines 1808--1810

 []

<imagenes/hidrolisis 6.jpg, id=1105, 1606.0pt x 1208.515pt>
File: imagenes/hidrolisis 6.jpg Graphic file (type jpg)
<use imagenes/hidrolisis 6.jpg>
Package pdftex.def Info: imagenes/hidrolisis 6.jpg  used on input line 1818.
(pdftex.def)             Requested size: 142.25475pt x 85.3423pt.
<imagenes/conexion de hidrolisis.jpg, id=1106, 3083.52pt x 4095.3pt>
File: imagenes/conexion de hidrolisis.jpg Graphic file (type jpg)
<use imagenes/conexion de hidrolisis.jpg>
Package pdftex.def Info: imagenes/conexion de hidrolisis.jpg  used on input lin
e 1825.
(pdftex.def)             Requested size: 85.3499pt x 85.2977pt.
<imagenes/hidrolisis7.jpg, id=1108, 1284.8pt x 966.61125pt>
File: imagenes/hidrolisis7.jpg Graphic file (type jpg)
<use imagenes/hidrolisis7.jpg>
Package pdftex.def Info: imagenes/hidrolisis7.jpg  used on input line 1838.
(pdftex.def)             Requested size: 142.24985pt x 85.35408pt.
LaTeX Info: Redefining \. on input line 1841.
LaTeX Info: Redefining \% on input line 1841.
[60 <./imagenes/hidrolisis9.jpg> <./imagenes/hidrolisis3.jpg> <./imagenes/hidro
lisis 6.jpg> <./imagenes/conexion de hidrolisis.jpg>]
LaTeX Info: Redefining \. on input line 1852.
LaTeX Info: Redefining \% on input line 1852.
 [61 <./imagenes/hidrolisis7.jpg>]
Cap\'{\i }tulo 6.
[62

]

Package natbib Warning: Citation `Arturo2022evaluacion' on page 63 undefined on
 input line 1886.

LaTeX Info: Redefining \. on input line 1912.
LaTeX Info: Redefining \% on input line 1912.

Overfull \hbox (428.93695pt too wide) has occurred while \output is active
\OT1/cmr/m/sl/12 CAP[]ITULO 6.  RESULTADOS EXPERIMENTALES DEL PROCESO DE PRODUC
CI[]ON DE BIOETANOL 2 G CON PRETRATAMIENTO ALCALINO Y BIOL[]OGICO \OT1/cmr/m/n/
12 63
 []

[63]

Package hyperref Warning: Difference (2) between bookmark levels is greater 
(hyperref)                than one, level fixed on input line 1913.


Overfull \hbox (0.114pt too wide) in paragraph at lines 1918--1919
[]\OT1/cmr/m/n/12 Cada pre-tra-ta-mien-to rea-li-za-do fue se-gui-do de una hid
r^^Soli-sis y fer-men-ta-ci^^Son si-mult^^Saneas.
 []


Overfull \hbox (13.19527pt too wide) in paragraph at lines 1923--1937
 [][] 
 []

LaTeX Info: Redefining \. on input line 1938.
LaTeX Info: Redefining \% on input line 1938.

Overfull \hbox (428.93695pt too wide) has occurred while \output is active
\OT1/cmr/m/sl/12 CAP[]ITULO 6.  RESULTADOS EXPERIMENTALES DEL PROCESO DE PRODUC
CI[]ON DE BIOETANOL 2 G CON PRETRATAMIENTO ALCALINO Y BIOL[]OGICO \OT1/cmr/m/n/
12 64
 []

[64]
Overfull \hbox (14.18553pt too wide) in paragraph at lines 1954--1973
 [][] 
 []

LaTeX Info: Redefining \. on input line 1977.
LaTeX Info: Redefining \% on input line 1977.

Overfull \hbox (428.93695pt too wide) has occurred while \output is active
\OT1/cmr/m/sl/12 CAP[]ITULO 6.  RESULTADOS EXPERIMENTALES DEL PROCESO DE PRODUC
CI[]ON DE BIOETANOL 2 G CON PRETRATAMIENTO ALCALINO Y BIOL[]OGICO \OT1/cmr/m/n/
12 65
 []

[65]

Package natbib Warning: Citation `CFE2023' on page 66 undefined on input line 1
983.

LaTeX Info: Redefining \. on input line 2038.
LaTeX Info: Redefining \% on input line 2038.

Overfull \hbox (428.93695pt too wide) has occurred while \output is active
\OT1/cmr/m/sl/12 CAP[]ITULO 6.  RESULTADOS EXPERIMENTALES DEL PROCESO DE PRODUC
CI[]ON DE BIOETANOL 2 G CON PRETRATAMIENTO ALCALINO Y BIOL[]OGICO \OT1/cmr/m/n/
12 66
 []

[66]
LaTeX Info: Redefining \. on input line 2070.
LaTeX Info: Redefining \% on input line 2070.

Overfull \hbox (428.93695pt too wide) has occurred while \output is active
\OT1/cmr/m/sl/12 CAP[]ITULO 6.  RESULTADOS EXPERIMENTALES DEL PROCESO DE PRODUC
CI[]ON DE BIOETANOL 2 G CON PRETRATAMIENTO ALCALINO Y BIOL[]OGICO \OT1/cmr/m/n/
12 67
 []

[67]

LaTeX Warning: `!h' float specifier changed to `!ht'.


LaTeX Warning: `!h' float specifier changed to `!ht'.

LaTeX Info: Redefining \. on input line 2163.
LaTeX Info: Redefining \% on input line 2163.

Overfull \hbox (428.93695pt too wide) has occurred while \output is active
\OT1/cmr/m/sl/12 CAP[]ITULO 6.  RESULTADOS EXPERIMENTALES DEL PROCESO DE PRODUC
CI[]ON DE BIOETANOL 2 G CON PRETRATAMIENTO ALCALINO Y BIOL[]OGICO \OT1/cmr/m/n/
12 68
 []

[68]
LaTeX Info: Redefining \. on input line 2201.
LaTeX Info: Redefining \% on input line 2201.

Overfull \hbox (428.93695pt too wide) has occurred while \output is active
\OT1/cmr/m/sl/12 CAP[]ITULO 6.  RESULTADOS EXPERIMENTALES DEL PROCESO DE PRODUC
CI[]ON DE BIOETANOL 2 G CON PRETRATAMIENTO ALCALINO Y BIOL[]OGICO \OT1/cmr/m/n/
12 69
 []

[69]
Cap\'{\i }tulo 7.
<imagenes/biologico_11.png, id=1177, 1243.64626pt x 653.44125pt>
File: imagenes/biologico_11.png Graphic file (type png)
<use imagenes/biologico_11.png>
Package pdftex.def Info: imagenes/biologico_11.png  used on input line 2240.
(pdftex.def)             Requested size: 256.06874pt x 176.40158pt.

Overfull \hbox (28.4467pt too wide) in paragraph at lines 2240--2241
[][] 
 []

<imagenes/biologico_TNUB.png, id=1178, 1239.88219pt x 661.72218pt>
File: imagenes/biologico_TNUB.png Graphic file (type png)
<use imagenes/biologico_TNUB.png>
Package pdftex.def Info: imagenes/biologico_TNUB.png  used on input line 2246.
(pdftex.def)             Requested size: 256.0694pt x 176.40564pt.

Overfull \hbox (28.44736pt too wide) in paragraph at lines 2246--2247
[][] 
 []

[70

]
<imagenes/alcalino_TNUB.png, id=1187, 1445.4pt x 697.10437pt>
File: imagenes/alcalino_TNUB.png Graphic file (type png)
<use imagenes/alcalino_TNUB.png>
Package pdftex.def Info: imagenes/alcalino_TNUB.png  used on input line 2264.
(pdftex.def)             Requested size: 219.74437pt x 105.97585pt.
<imagenes/alcalino_1cm.png, id=1188, 752.8125pt x 564.60938pt>
File: imagenes/alcalino_1cm.png Graphic file (type png)
<use imagenes/alcalino_1cm.png>
Package pdftex.def Info: imagenes/alcalino_1cm.png  used on input line 2270.
(pdftex.def)             Requested size: 219.74437pt x 164.80942pt.
LaTeX Info: Redefining \. on input line 2277.
LaTeX Info: Redefining \% on input line 2277.
 [71 <./imagenes/biologico_11.png> <./imagenes/biologico_TNUB.png>]
<imagenes/consumoenergetico.png, id=1196, 1238.37656pt x 626.34pt>
File: imagenes/consumoenergetico.png Graphic file (type png)
<use imagenes/consumoenergetico.png>
Package pdftex.def Info: imagenes/consumoenergetico.png  used on input line 228
3.
(pdftex.def)             Requested size: 455.24437pt x 199.17134pt.
<imagenes/CONSUMOENERGETICOSSF.png, id=1198, 1215.03937pt x 652.68843pt>
File: imagenes/CONSUMOENERGETICOSSF.png Graphic file (type png)
<use imagenes/CONSUMOENERGETICOSSF.png>
Package pdftex.def Info: imagenes/CONSUMOENERGETICOSSF.png  used on input line 
2292.
(pdftex.def)             Requested size: 455.23076pt x 199.16429pt.
LaTeX Info: Redefining \. on input line 2295.
LaTeX Info: Redefining \% on input line 2295.

[72 <./imagenes/alcalino_TNUB.png (PNG copy)> <./imagenes/alcalino_1cm.png (PNG
 copy)> <./imagenes/consumoenergetico.png>]
<imagenes/costos.png, id=1205, 1227.83719pt x 642.90187pt>
File: imagenes/costos.png Graphic file (type png)
<use imagenes/costos.png>
Package pdftex.def Info: imagenes/costos.png  used on input line 2304.
(pdftex.def)             Requested size: 455.24815pt x 199.16998pt.
LaTeX Info: Redefining \. on input line 2309.
LaTeX Info: Redefining \% on input line 2309.
 [73 <./imagenes/CONSUMOENERGETICOSSF.png>]
LaTeX Info: Redefining \. on input line 2326.
LaTeX Info: Redefining \% on input line 2326.
 [74 <./imagenes/costos.png>]
Cap\'{\i }tulo 8.
[75

]
<imagenes/diagrama2_2.jpg, id=1221, 1445.4pt x 353.06906pt>
File: imagenes/diagrama2_2.jpg Graphic file (type jpg)
<use imagenes/diagrama2_2.jpg>
Package pdftex.def Info: imagenes/diagrama2_2.jpg  used on input line 2371.
(pdftex.def)             Requested size: 366.24527pt x 89.46304pt.
<imagenes/logo al conectar.png, id=1223, 219.219pt x 164.7756pt>
File: imagenes/logo al conectar.png Graphic file (type png)
<use imagenes/logo al conectar.png>
Package pdftex.def Info: imagenes/logo al conectar.png  used on input line 2382
.
(pdftex.def)             Requested size: 228.90242pt x 172.06404pt.


LaTeX Warning: `!h' float specifier changed to `!ht'.

<imagenes/LXTerminal.png, id=1225, 199.4652pt x 150.3216pt>
File: imagenes/LXTerminal.png Graphic file (type png)
<use imagenes/LXTerminal.png>
Package pdftex.def Info: imagenes/LXTerminal.png  used on input line 2395.
(pdftex.def)             Requested size: 228.90242pt x 172.51524pt.

LaTeX Warning: `!h' float specifier changed to `!ht'.

[76

 <./imagenes/diagrama2_2.jpg>]
LaTeX Info: Redefining \. on input line 2410.
LaTeX Info: Redefining \% on input line 2410.
 [77 <./imagenes/logo al conectar.png> <./imagenes/LXTerminal.png>]
Underfull \hbox (badness 10000) in paragraph at lines 2416--2426

 []


Underfull \hbox (badness 10000) in paragraph at lines 2428--2436

 []


Underfull \hbox (badness 10000) in paragraph at lines 2437--2456

 []


Underfull \hbox (badness 10000) in paragraph at lines 2437--2456

 []

[78

]
Underfull \hbox (badness 10000) in paragraph at lines 2457--2462

 []


Underfull \hbox (badness 10000) in paragraph at lines 2464--2469

 []


Underfull \hbox (badness 10000) in paragraph at lines 2471--2476

 []


Underfull \hbox (badness 10000) in paragraph at lines 2477--2478

 []

LaTeX Info: Redefining \. on input line 2479.
LaTeX Info: Redefining \% on input line 2479.
[79]
Underfull \hbox (badness 10000) in paragraph at lines 2479--2485

 []


Package natbib Warning: There were undefined citations.

LaTeX Info: Redefining \. on input line 2497.
LaTeX Info: Redefining \% on input line 2497.
[80] (Tesis.aux
LaTeX Info: Redefining \. on input line 8.
LaTeX Info: Redefining \% on input line 8.
)
 ***********
LaTeX2e <2023-11-01> patch level 1
L3 programming layer <2024-01-04>
 ***********


LaTeX Warning: There were undefined references.

Package rerunfilecheck Info: File `Tesis.out' has not changed.
(rerunfilecheck)             Checksum: 87D9DB5B4D42D2FAA5411EACCB1D90A5;13550.
 ) 
Here is how much of TeX's memory you used:
 18647 strings out of 474486
 326148 string characters out of 5743755
 1959542 words of memory out of 5000000
 40383 multiletter control sequences out of 15000+600000
 574941 words of font info for 101 fonts, out of 8000000 for 9000
 1141 hyphenation exceptions out of 8191
 75i,17n,79p,2288b,766s stack positions out of 10000i,1000n,20000p,200000b,200000s
 <C:\Users\elfhe\AppData\Local\MiKTeX\fonts/pk/ljfour/jknappen/ec/dpi600\tcbx
0800.pk> <C:\Users\elfhe\AppData\Local\MiKTeX\fonts/pk/ljfour/jknappen/ec/dpi60
0\tcbx0900.pk> <C:\Users\elfhe\AppData\Local\MiKTeX\fonts/pk/ljfour/jknappen/ec
/dpi600\tcrm1095.pk> <C:\Users\elfhe\AppData\Local\MiKTeX\fonts/pk/ljfour/jknap
pen/ec/dpi600\tcbx1200.pk> <C:\Users\elfhe\AppData\Local\MiKTeX\fonts/pk/ljfour
/jknappen/ec/dpi600\tcrm1200.pk><C:/Users/elfhe/AppData/Local/Programs/MiKTeX/f
onts/type1/public/amsfonts/cm/cmbx10.pfb><C:/Users/elfhe/AppData/Local/Programs
/MiKTeX/fonts/type1/public/amsfonts/cm/cmbx12.pfb><C:/Users/elfhe/AppData/Local
/Programs/MiKTeX/fonts/type1/public/amsfonts/cm/cmbx8.pfb><C:/Users/elfhe/AppDa
ta/Local/Programs/MiKTeX/fonts/type1/public/amsfonts/cm/cmbx9.pfb><C:/Users/elf
he/AppData/Local/Programs/MiKTeX/fonts/type1/public/amsfonts/cm/cmbxti10.pfb><C
:/Users/elfhe/AppData/Local/Programs/MiKTeX/fonts/type1/public/amsfonts/cm/cmex
10.pfb><C:/Users/elfhe/AppData/Local/Programs/MiKTeX/fonts/type1/public/amsfont
s/cm/cmmi10.pfb><C:/Users/elfhe/AppData/Local/Programs/MiKTeX/fonts/type1/publi
c/amsfonts/cm/cmmi12.pfb><C:/Users/elfhe/AppData/Local/Programs/MiKTeX/fonts/ty
pe1/public/amsfonts/cm/cmmi8.pfb><C:/Users/elfhe/AppData/Local/Programs/MiKTeX/
fonts/type1/public/amsfonts/cm/cmr10.pfb><C:/Users/elfhe/AppData/Local/Programs
/MiKTeX/fonts/type1/public/amsfonts/cm/cmr12.pfb><C:/Users/elfhe/AppData/Local/
Programs/MiKTeX/fonts/type1/public/amsfonts/cm/cmr8.pfb><C:/Users/elfhe/AppData
/Local/Programs/MiKTeX/fonts/type1/public/amsfonts/cm/cmr9.pfb><C:/Users/elfhe/
AppData/Local/Programs/MiKTeX/fonts/type1/public/amsfonts/cm/cmsl12.pfb><C:/Use
rs/elfhe/AppData/Local/Programs/MiKTeX/fonts/type1/public/amsfonts/cm/cmsy10.pf
b><C:/Users/elfhe/AppData/Local/Programs/MiKTeX/fonts/type1/public/amsfonts/cm/
cmsy7.pfb><C:/Users/elfhe/AppData/Local/Programs/MiKTeX/fonts/type1/public/amsf
onts/cm/cmsy8.pfb><C:/Users/elfhe/AppData/Local/Programs/MiKTeX/fonts/type1/pub
lic/amsfonts/cm/cmti12.pfb><C:/Users/elfhe/AppData/Local/Programs/MiKTeX/fonts/
type1/public/amsfonts/symbols/msam10.pfb>
Output written on Tesis.pdf (95 pages, 35724385 bytes).
PDF statistics:
 1416 PDF objects out of 1440 (max. 8388607)
 291 named destinations out of 1000 (max. 500000)
 934 words of extra memory for PDF output out of 10000 (max. 10000000)

